// Jest Snapshot v1, https://goo.gl/fbAQLP

exports[`Actions Should render the component actions 1`] = `
<div>
  <div
    class="col-6"
  >
    <svg
      aria-hidden="true"
      class="StyledIconBase-ea9ulj-0 fBxgqm"
      color="#dd3f5b"
      data-testid="action-heart1"
      fill="currentColor"
      focusable="false"
      height="20"
      viewBox="0 0 512 512"
      width="20"
      xmlns="http://www.w3.org/2000/svg"
    >
      <path
        d="M458.4 64.3C400.6 15.7 311.3 23 256 79.3 200.7 23 111.4 15.6 53.6 64.3-21.6 127.6-10.6 230.8 43 285.5l175.4 178.7c10 10.2 23.4 15.9 37.6 15.9 14.3 0 27.6-5.6 37.6-15.8L469 285.6c53.5-54.7 64.7-157.9-10.6-221.3zm-23.6 187.5L259.4 430.5c-2.4 2.4-4.4 2.4-6.8 0L77.2 251.8c-36.5-37.2-43.9-107.6 7.3-150.7 38.9-32.7 98.9-27.8 136.5 10.5l35 35.7 35-35.7c37.8-38.5 97.8-43.2 136.5-10.6 51.1 43.1 43.5 113.9 7.3 150.8z"
        fill="currentColor"
      />
    </svg>
  </div>
  <div
    class="col-6"
  >
    <svg
      aria-hidden="true"
      class="StyledIconBase-ea9ulj-0 fBxgqm"
      fill="currentColor"
      focusable="false"
      height="20"
      viewBox="0 0 448 512"
      width="20"
      xmlns="http://www.w3.org/2000/svg"
    >
      <path
        d="M268 416h24a12 12 0 0012-12V188a12 12 0 00-12-12h-24a12 12 0 00-12 12v216a12 12 0 0012 12zM432 80h-82.41l-34-56.7A48 48 0 00274.41 0H173.59a48 48 0 00-41.16 23.3L98.41 80H16A16 16 0 000 96v16a16 16 0 0016 16h16v336a48 48 0 0048 48h288a48 48 0 0048-48V128h16a16 16 0 0016-16V96a16 16 0 00-16-16zM171.84 50.91A6 6 0 01177 48h94a6 6 0 015.15 2.91L293.61 80H154.39zM368 464H80V128h288zm-212-48h24a12 12 0 0012-12V188a12 12 0 00-12-12h-24a12 12 0 00-12 12v216a12 12 0 0012 12z"
        fill="currentColor"
      />
    </svg>
  </div>
</div>
`;
